
========================================
TIMESTAMP: 2026-07-17T16:56:37.687Z
FROM: "SecureAuth X System" <noreply@secureauth-x.com>
TO: jaydeep@gmail.com
SUBJECT: SecureAuth X - Verify Your Email Address
TEXT CONTENT:
Hello Jaydeep,

Your security verification code is: 095657
This code will expire in 15 minutes.

If you did not request this, please secure your account.
HTML CONTENT:

    <div style="font-family: Arial, sans-serif; max-width: 600px; margin: 0 auto; padding: 20px; border: 1px solid #e0e0e0; border-radius: 8px; background-color: #0c101b; color: #ffffff;">
      <h2 style="color: #00f0ff; text-align: center; border-bottom: 2px solid #00f0ff; padding-bottom: 10px;">SecureAuth X</h2>
      <p style="font-size: 16px;">Hello <strong>Jaydeep</strong>,</p>
      <p style="font-size: 16px; line-height: 1.5;">Welcome to SecureAuth X. To verify your email address, please use the following one-time passcode (OTP):</p>
      <div style="text-align: center; margin: 30px 0;">
        <span style="font-size: 32px; font-weight: bold; letter-spacing: 5px; color: #00f0ff; background-color: #172033; padding: 15px 30px; border-radius: 6px; border: 1px dashed #00f0ff; display: inline-block;">095657</span>
      </div>
      <p style="font-size: 14px; color: #a0aec0;">This code is valid for 15 minutes. For your security, do not share this passcode with anyone.</p>
      <hr style="border-color: #2d3748;" />
      <p style="font-size: 12px; color: #718096; text-align: center;">This is an automated security transmission. If you did not make this request, please contact our Security Operations Center immediately.</p>
    </div>
  
========================================


========================================
TIMESTAMP: 2026-07-17T17:17:18.658Z
FROM: "SecureAuth X System" <noreply@secureauth-x.com>
TO: jaydeep@gmail.com
SUBJECT: SecureAuth X - Verify Your Email Address
TEXT CONTENT:
Hello Jaydeep,

Your security verification code is: 517012
This code will expire in 15 minutes.

If you did not request this, please secure your account.
HTML CONTENT:

    <div style="font-family: Arial, sans-serif; max-width: 600px; margin: 0 auto; padding: 20px; border: 1px solid #e0e0e0; border-radius: 8px; background-color: #0c101b; color: #ffffff;">
      <h2 style="color: #00f0ff; text-align: center; border-bottom: 2px solid #00f0ff; padding-bottom: 10px;">SecureAuth X</h2>
      <p style="font-size: 16px;">Hello <strong>Jaydeep</strong>,</p>
      <p style="font-size: 16px; line-height: 1.5;">Welcome to SecureAuth X. To verify your email address, please use the following one-time passcode (OTP):</p>
      <div style="text-align: center; margin: 30px 0;">
        <span style="font-size: 32px; font-weight: bold; letter-spacing: 5px; color: #00f0ff; background-color: #172033; padding: 15px 30px; border-radius: 6px; border: 1px dashed #00f0ff; display: inline-block;">517012</span>
      </div>
      <p style="font-size: 14px; color: #a0aec0;">This code is valid for 15 minutes. For your security, do not share this passcode with anyone.</p>
      <hr style="border-color: #2d3748;" />
      <p style="font-size: 12px; color: #718096; text-align: center;">This is an automated security transmission. If you did not make this request, please contact our Security Operations Center immediately.</p>
    </div>
  
========================================


========================================
TIMESTAMP: 2026-07-22T09:39:49.108Z
FROM: "SecureAuth X System" <noreply@secureauth-x.com>
TO: jdaj9529@gmail.com
SUBJECT: SecureAuth X - Verify Your Email Address
TEXT CONTENT:
Hello Jaydeep,

Your security verification code is: 314268
This code will expire in 15 minutes.

If you did not request this, please secure your account.
HTML CONTENT:

    <div style="font-family: Arial, sans-serif; max-width: 600px; margin: 0 auto; padding: 20px; border: 1px solid #e0e0e0; border-radius: 8px; background-color: #0c101b; color: #ffffff;">
      <h2 style="color: #00f0ff; text-align: center; border-bottom: 2px solid #00f0ff; padding-bottom: 10px;">SecureAuth X</h2>
      <p style="font-size: 16px;">Hello <strong>Jaydeep</strong>,</p>
      <p style="font-size: 16px; line-height: 1.5;">Welcome to SecureAuth X. To verify your email address, please use the following one-time passcode (OTP):</p>
      <div style="text-align: center; margin: 30px 0;">
        <span style="font-size: 32px; font-weight: bold; letter-spacing: 5px; color: #00f0ff; background-color: #172033; padding: 15px 30px; border-radius: 6px; border: 1px dashed #00f0ff; display: inline-block;">314268</span>
      </div>
      <p style="font-size: 14px; color: #a0aec0;">This code is valid for 15 minutes. For your security, do not share this passcode with anyone.</p>
      <hr style="border-color: #2d3748;" />
      <p style="font-size: 12px; color: #718096; text-align: center;">This is an automated security transmission. If you did not make this request, please contact our Security Operations Center immediately.</p>
    </div>
  
========================================


========================================
TIMESTAMP: 2026-07-22T09:41:04.055Z
FROM: "SecureAuth X System" <noreply@secureauth-x.com>
TO: jdaj9529@gmail.com
SUBJECT: SecureAuth X - Verify Your Email Address
TEXT CONTENT:
Hello Jaydeep,

Your security verification code is: 061898
This code will expire in 15 minutes.

If you did not request this, please secure your account.
HTML CONTENT:

    <div style="font-family: Arial, sans-serif; max-width: 600px; margin: 0 auto; padding: 20px; border: 1px solid #e0e0e0; border-radius: 8px; background-color: #0c101b; color: #ffffff;">
      <h2 style="color: #00f0ff; text-align: center; border-bottom: 2px solid #00f0ff; padding-bottom: 10px;">SecureAuth X</h2>
      <p style="font-size: 16px;">Hello <strong>Jaydeep</strong>,</p>
      <p style="font-size: 16px; line-height: 1.5;">Welcome to SecureAuth X. To verify your email address, please use the following one-time passcode (OTP):</p>
      <div style="text-align: center; margin: 30px 0;">
        <span style="font-size: 32px; font-weight: bold; letter-spacing: 5px; color: #00f0ff; background-color: #172033; padding: 15px 30px; border-radius: 6px; border: 1px dashed #00f0ff; display: inline-block;">061898</span>
      </div>
      <p style="font-size: 14px; color: #a0aec0;">This code is valid for 15 minutes. For your security, do not share this passcode with anyone.</p>
      <hr style="border-color: #2d3748;" />
      <p style="font-size: 12px; color: #718096; text-align: center;">This is an automated security transmission. If you did not make this request, please contact our Security Operations Center immediately.</p>
    </div>
  
========================================


========================================
TIMESTAMP: 2026-07-22T09:49:05.093Z
FROM: "SecureAuth X System" <noreply@secureauth-x.com>
TO: jaydeepwajave9@gmail.com
SUBJECT: SecureAuth X - Verify Your Email Address
TEXT CONTENT:
Hello Jaydeep,

Your security verification code is: 094187
This code will expire in 15 minutes.

If you did not request this, please secure your account.
HTML CONTENT:

    <div style="font-family: Arial, sans-serif; max-width: 600px; margin: 0 auto; padding: 20px; border: 1px solid #e0e0e0; border-radius: 8px; background-color: #0c101b; color: #ffffff;">
      <h2 style="color: #00f0ff; text-align: center; border-bottom: 2px solid #00f0ff; padding-bottom: 10px;">SecureAuth X</h2>
      <p style="font-size: 16px;">Hello <strong>Jaydeep</strong>,</p>
      <p style="font-size: 16px; line-height: 1.5;">Welcome to SecureAuth X. To verify your email address, please use the following one-time passcode (OTP):</p>
      <div style="text-align: center; margin: 30px 0;">
        <span style="font-size: 32px; font-weight: bold; letter-spacing: 5px; color: #00f0ff; background-color: #172033; padding: 15px 30px; border-radius: 6px; border: 1px dashed #00f0ff; display: inline-block;">094187</span>
      </div>
      <p style="font-size: 14px; color: #a0aec0;">This code is valid for 15 minutes. For your security, do not share this passcode with anyone.</p>
      <hr style="border-color: #2d3748;" />
      <p style="font-size: 12px; color: #718096; text-align: center;">This is an automated security transmission. If you did not make this request, please contact our Security Operations Center immediately.</p>
    </div>
  
========================================


========================================
TIMESTAMP: 2026-07-22T12:51:44.425Z
FROM: "SecureAuth X System" <noreply@secureauth-x.com>
TO: jaydeepwajave9@gmail.com
SUBJECT: SecureAuth X - Account Password Recovery Request
TEXT CONTENT:
Hello Jaydeep,

You requested a password recovery. Reset your password by clicking this URL: http://localhost:5173/reset-password?token=c1f1f94f0b18cee77de765ea5835e8ed7968fa10a56b8c9f5a927ca57b32df4f
This recovery link is valid for 15 minutes.

If you did not request this, please disregard.
HTML CONTENT:

    <div style="font-family: Arial, sans-serif; max-width: 600px; margin: 0 auto; padding: 20px; border: 1px solid #e0e0e0; border-radius: 8px; background-color: #0c101b; color: #ffffff;">
      <h2 style="color: #ff3b30; text-align: center; border-bottom: 2px solid #ff3b30; padding-bottom: 10px;">SecureAuth X Password Recovery</h2>
      <p style="font-size: 16px;">Hello <strong>Jaydeep</strong>,</p>
      <p style="font-size: 16px; line-height: 1.5;">We received a request to reset your SecureAuth X password. Click the button below to complete password recovery:</p>
      <div style="text-align: center; margin: 30px 0;">
        <a href="http://localhost:5173/reset-password?token=c1f1f94f0b18cee77de765ea5835e8ed7968fa10a56b8c9f5a927ca57b32df4f" style="background-color: #ff3b30; color: #ffffff; padding: 12px 24px; text-decoration: none; border-radius: 5px; font-weight: bold; display: inline-block;">Reset Password</a>
      </div>
      <p style="font-size: 14px; color: #a0aec0; word-break: break-all;">Or copy and paste this link in your browser: <br/> <a href="http://localhost:5173/reset-password?token=c1f1f94f0b18cee77de765ea5835e8ed7968fa10a56b8c9f5a927ca57b32df4f" style="color: #00f0ff;">http://localhost:5173/reset-password?token=c1f1f94f0b18cee77de765ea5835e8ed7968fa10a56b8c9f5a927ca57b32df4f</a></p>
      <p style="font-size: 14px; color: #a0aec0;">This recovery link is only valid for 15 minutes. If you did not make this request, your password will remain unchanged.</p>
      <hr style="border-color: #2d3748;" />
      <p style="font-size: 12px; color: #718096; text-align: center;">If you suspect unauthorized access, please update your credentials immediately.</p>
    </div>
  
========================================


========================================
TIMESTAMP: 2026-07-22T13:03:39.921Z
FROM: "SecureAuth X System" <noreply@secureauth-x.com>
TO: jaydeepwajave9@gmail.com
SUBJECT: SecureAuth X - Account Password Recovery Request
TEXT CONTENT:
Hello Jaydeep,

You requested a password recovery. Reset your password by clicking this URL: http://localhost:5173/reset-password?token=d2798b37e2c3aa745c8b204d13c0b747d57172815d177aab4ceff6b53617a0a7
This recovery link is valid for 15 minutes.

If you did not request this, please disregard.
HTML CONTENT:

    <div style="font-family: Arial, sans-serif; max-width: 600px; margin: 0 auto; padding: 20px; border: 1px solid #e0e0e0; border-radius: 8px; background-color: #0c101b; color: #ffffff;">
      <h2 style="color: #ff3b30; text-align: center; border-bottom: 2px solid #ff3b30; padding-bottom: 10px;">SecureAuth X Password Recovery</h2>
      <p style="font-size: 16px;">Hello <strong>Jaydeep</strong>,</p>
      <p style="font-size: 16px; line-height: 1.5;">We received a request to reset your SecureAuth X password. Click the button below to complete password recovery:</p>
      <div style="text-align: center; margin: 30px 0;">
        <a href="http://localhost:5173/reset-password?token=d2798b37e2c3aa745c8b204d13c0b747d57172815d177aab4ceff6b53617a0a7" style="background-color: #ff3b30; color: #ffffff; padding: 12px 24px; text-decoration: none; border-radius: 5px; font-weight: bold; display: inline-block;">Reset Password</a>
      </div>
      <p style="font-size: 14px; color: #a0aec0; word-break: break-all;">Or copy and paste this link in your browser: <br/> <a href="http://localhost:5173/reset-password?token=d2798b37e2c3aa745c8b204d13c0b747d57172815d177aab4ceff6b53617a0a7" style="color: #00f0ff;">http://localhost:5173/reset-password?token=d2798b37e2c3aa745c8b204d13c0b747d57172815d177aab4ceff6b53617a0a7</a></p>
      <p style="font-size: 14px; color: #a0aec0;">This recovery link is only valid for 15 minutes. If you did not make this request, your password will remain unchanged.</p>
      <hr style="border-color: #2d3748;" />
      <p style="font-size: 12px; color: #718096; text-align: center;">If you suspect unauthorized access, please update your credentials immediately.</p>
    </div>
  
========================================


========================================
TIMESTAMP: 2026-07-22T13:21:46.394Z
FROM: "SecureAuth X System" <noreply@secureauth-x.com>
TO: jaydeepwajave9@gmail.com
SUBJECT: SecureAuth X - Password Reset Verification Code
TEXT CONTENT:
Hello Jaydeep,

Your password reset verification code is: 401934
This code will expire in 15 minutes.

If you did not request a password reset, please secure your account immediately.
HTML CONTENT:

    <div style="font-family: Arial, sans-serif; max-width: 600px; margin: 0 auto; padding: 20px; border: 1px solid #e0e0e0; border-radius: 8px; background-color: #0c101b; color: #ffffff;">
      <h2 style="color: #ff3b30; text-align: center; border-bottom: 2px solid #ff3b30; padding-bottom: 10px;">SecureAuth X Password Recovery</h2>
      <p style="font-size: 16px;">Hello <strong>Jaydeep</strong>,</p>
      <p style="font-size: 16px; line-height: 1.5;">You requested to reset your password. Use the following 6-digit verification code (OTP) to verify your identity and set a new password:</p>
      <div style="text-align: center; margin: 30px 0;">
        <span style="font-size: 32px; font-weight: bold; letter-spacing: 5px; color: #ff3b30; background-color: #172033; padding: 15px 30px; border-radius: 6px; border: 1px dashed #ff3b30; display: inline-block;">401934</span>
      </div>
      <p style="font-size: 14px; color: #a0aec0;">This code is valid for 15 minutes. For your security, do not share this code with anyone.</p>
      <hr style="border-color: #2d3748;" />
      <p style="font-size: 12px; color: #718096; text-align: center;">This is an automated security transmission. If you did not make this request, please update your credentials immediately.</p>
    </div>
  
========================================

